#-----------------------------------------------------------
# Vivado v2024.1.2 (64-bit)
# SW Build 5164865 on Thu Sep  5 14:37:11 MDT 2024
# IP Build 5164407 on Fri Sep  6 08:18:11 MDT 2024
# SharedData Build 5164864 on Thu Sep 05 13:09:09 MDT 2024
# Start of session at: Sun Nov 24 19:21:20 2024
# Process ID: 177176
# Current directory: D:/fg/pcileech-fpga/CaptainDMA/75t484_x1/pcileech_75t484_x1/pcileech_75t484_x1.runs/fifo_49_49_clk2_synth_1
# Command line: vivado.exe -log fifo_49_49_clk2.vds -product Vivado -mode batch -messageDb vivado.pb -notrace -source fifo_49_49_clk2.tcl
# Log file: D:/fg/pcileech-fpga/CaptainDMA/75t484_x1/pcileech_75t484_x1/pcileech_75t484_x1.runs/fifo_49_49_clk2_synth_1/fifo_49_49_clk2.vds
# Journal file: D:/fg/pcileech-fpga/CaptainDMA/75t484_x1/pcileech_75t484_x1/pcileech_75t484_x1.runs/fifo_49_49_clk2_synth_1\vivado.jou
# Running On        :DESKTOP-3J1SF81
# Platform          :Windows Server 2016 or Windows 10
# Operating System  :19045
# Processor Detail  :12th Gen Intel(R) Core(TM) i7-12700H
# CPU Frequency     :2688 MHz
# CPU Physical cores:14
# CPU Logical cores :20
# Host memory       :16856 MB
# Swap memory       :18253 MB
# Total Virtual     :35110 MB
# Available Virtual :11185 MB
#-----------------------------------------------------------
source fifo_49_49_clk2.tcl -notrace
